// Jest Snapshot v1, https://goo.gl/fbAQLP

exports[`Report unused type definition 1`] = `
Array [
  Object {
    "locations": Array [
      Object {
        "column": 5,
        "line": 6,
        "path": "GraphQL request",
      },
    ],
    "message": "Unused type definition 'X' (NoUnusedTypeDefinition)",
    "severity": "warn",
  },
  Object {
    "locations": Array [
      Object {
        "column": 5,
        "line": 10,
        "path": "GraphQL request",
      },
    ],
    "message": "Unused type definition 'B' (NoUnusedTypeDefinition)",
    "severity": "warn",
  },
]
`;

exports[`throw error if rules packages is unknown 1`] = `"unknown validate extends 'some_unknown_package' available [gql-rules-schema]"`;
